12 34 555$
a/bc/def$
12XXXXXXX34XXXXXXX56789$
Usage of ./output:
  -n	-n omit trailing newline
  -s string
    	string (default " ")
